[0m23:10:49.135558 [debug] [MainThread]: Sending event: {'category': 'dbt', 'action': 'invocation', 'label': 'start', 'context': [<snowplow_tracker.self_describing_json.SelfDescribingJson object at 0x00000179B36D94D0>, <snowplow_tracker.self_describing_json.SelfDescribingJson object at 0x00000179B36D91D0>, <snowplow_tracker.self_describing_json.SelfDescribingJson object at 0x00000179B36D8310>]}


============================== 23:10:49.140558 | 90fb1f4e-ffb4-43b9-b5e1-e39e2bac646f ==============================
[0m23:10:49.140558 [info ] [MainThread]: Running with dbt=1.12.0
[0m23:10:49.142565 [debug] [MainThread]: running dbt with arguments {'static_parser': 'True', 'no_print': 'None', 'version_check': 'True', 'target_path': 'None', 'warn_error_options': 'WarnErrorOptionsV2(error=[], warn=[], silence=[])', 'maximum_seed_size_mib': '1', 'printer_width': '80', 'write_json': 'True', 'introspect': 'True', 'log_cache_events': 'False', 'empty': 'None', 'cache_selected_only': 'False', 'fail_fast': 'False', 'debug': 'False', 'log_format': 'default', 'profiles_dir': 'C:\\Users\\user\\.dbt', 'send_anonymous_usage_stats': 'True', 'quiet': 'False', 'warn_error': 'None', 'partial_parse': 'True', 'indirect_selection': 'eager', 'hints_enabled': 'True', 'use_colors': 'True', 'use_experimental_parser': 'False', 'invocation_command': 'dbt init atmosync_dbt', 'log_path': 'logs'}
[0m23:10:49.159504 [info ] [MainThread]: Creating dbt configuration folder at C:\Users\user\.dbt
[0m23:10:49.163085 [debug] [MainThread]: Starter project path: C:\projects\AtmoSync\.venv\Lib\site-packages\dbt\include\starter_project
[0m23:10:49.199490 [info ] [MainThread]: Setting up your profile.
[0m23:12:52.256219 [error] [MainThread]: [[31mERROR[0m]: Encountered an error:
cannot import name 'Credentials' from 'dbt.adapters.base' (C:\projects\AtmoSync\.venv\Lib\site-packages\dbt\adapters\base\__init__.py)
[0m23:12:52.264748 [error] [MainThread]: Traceback (most recent call last):
  File "C:\projects\AtmoSync\.venv\Lib\site-packages\dbt\cli\requires.py", line 190, in wrapper
    result, success = func(*args, **kwargs)
                      ^^^^^^^^^^^^^^^^^^^^^
  File "C:\projects\AtmoSync\.venv\Lib\site-packages\dbt\cli\requires.py", line 136, in wrapper
    return func(*args, **kwargs)
           ^^^^^^^^^^^^^^^^^^^^^
  File "C:\projects\AtmoSync\.venv\Lib\site-packages\dbt\cli\main.py", line 503, in init
    results = task.run()
              ^^^^^^^^^^
  File "C:\projects\AtmoSync\.venv\Lib\site-packages\dbt\task\init.py", line 360, in run
    self.setup_profile(profile_name)
  File "C:\projects\AtmoSync\.venv\Lib\site-packages\dbt\task\init.py", line 264, in setup_profile
    self.create_profile_from_target(adapter, profile_name=profile_name)
  File "C:\projects\AtmoSync\.venv\Lib\site-packages\dbt\task\init.py", line 174, in create_profile_from_target
    load_plugin(adapter)
  File "C:\projects\AtmoSync\.venv\Lib\site-packages\dbt\adapters\factory.py", line 239, in load_plugin
    return FACTORY.load_plugin(name)
           ^^^^^^^^^^^^^^^^^^^^^^^^^
  File "C:\projects\AtmoSync\.venv\Lib\site-packages\dbt\adapters\factory.py", line 68, in load_plugin
    mod: Any = import_module("." + name, "dbt.adapters")
               ^^^^^^^^^^^^^^^^^^^^^^^^^^^^^^^^^^^^^^^^^
  File "C:\Users\user\AppData\Local\Programs\Python\Python311\Lib\importlib\__init__.py", line 126, in import_module
    return _bootstrap._gcd_import(name[level:], package, level)
           ^^^^^^^^^^^^^^^^^^^^^^^^^^^^^^^^^^^^^^^^^^^^^^^^^^^^
  File "<frozen importlib._bootstrap>", line 1204, in _gcd_import
  File "<frozen importlib._bootstrap>", line 1176, in _find_and_load
  File "<frozen importlib._bootstrap>", line 1147, in _find_and_load_unlocked
  File "<frozen importlib._bootstrap>", line 690, in _load_unlocked
  File "<frozen importlib._bootstrap_external>", line 940, in exec_module
  File "<frozen importlib._bootstrap>", line 241, in _call_with_frames_removed
  File "C:\projects\AtmoSync\.venv\Lib\site-packages\dbt\adapters\sqlite\__init__.py", line 1, in <module>
    from dbt.adapters.sqlite.connections import SQLiteConnectionManager
  File "C:\projects\AtmoSync\.venv\Lib\site-packages\dbt\adapters\sqlite\connections.py", line 10, in <module>
    from dbt.adapters.base import Credentials
ImportError: cannot import name 'Credentials' from 'dbt.adapters.base' (C:\projects\AtmoSync\.venv\Lib\site-packages\dbt\adapters\base\__init__.py)

[0m23:12:52.269591 [debug] [MainThread]: Command `dbt init` failed at 23:12:52.269591 after 123.30 seconds
[0m23:12:52.271334 [debug] [MainThread]: Sending event: {'category': 'dbt', 'action': 'invocation', 'label': 'end', 'context': [<snowplow_tracker.self_describing_json.SelfDescribingJson object at 0x00000179B360BBD0>, <snowplow_tracker.self_describing_json.SelfDescribingJson object at 0x00000179B36D8310>, <snowplow_tracker.self_describing_json.SelfDescribingJson object at 0x00000179B360BA90>]}
[0m23:12:52.272353 [debug] [MainThread]: Flushing usage events
[0m23:12:53.891732 [debug] [MainThread]: An error was encountered while trying to flush usage events


============================== 2026-07-25 17:50:23.595235 | 8e1c1048-3324-4d3a-b89b-78823bf03d25 ==============================
[0m17:50:23.595235 [info ] [MainThread]: Running with dbt=1.4.9
[0m17:50:23.600294 [debug] [MainThread]: running dbt with arguments {'write_json': True, 'use_colors': True, 'printer_width': 80, 'version_check': True, 'partial_parse': True, 'static_parser': True, 'profiles_dir': 'C:\\Users\\user\\.dbt', 'send_anonymous_usage_stats': True, 'quiet': False, 'no_print': False, 'cache_selected_only': False, 'project_name': 'atmosync_dbt', 'skip_profile_setup': False, 'which': 'init', 'indirect_selection': 'eager'}
[0m17:50:23.601276 [debug] [MainThread]: Tracking: tracking
[0m17:50:23.677025 [debug] [MainThread]: Sending event: {'category': 'dbt', 'action': 'invocation', 'label': 'start', 'context': [<snowplow_tracker.self_describing_json.SelfDescribingJson object at 0x0000021B84AB8E50>, <snowplow_tracker.self_describing_json.SelfDescribingJson object at 0x0000021B84ACD150>, <snowplow_tracker.self_describing_json.SelfDescribingJson object at 0x0000021B84ACCB50>]}
[0m17:50:23.681066 [info ] [MainThread]: A project called atmosync_dbt already exists here.
[0m17:50:23.682123 [debug] [MainThread]: Sending event: {'category': 'dbt', 'action': 'invocation', 'label': 'end', 'context': [<snowplow_tracker.self_describing_json.SelfDescribingJson object at 0x0000021B84ABA950>, <snowplow_tracker.self_describing_json.SelfDescribingJson object at 0x0000021B84ACE1D0>, <snowplow_tracker.self_describing_json.SelfDescribingJson object at 0x0000021B84D499D0>]}
[0m17:50:23.683105 [debug] [MainThread]: Flushing usage events


============================== 2026-07-25 17:50:55.762656 | 5d079306-1bd6-4d04-b754-28b529edf30b ==============================
[0m17:50:55.762656 [info ] [MainThread]: Running with dbt=1.4.9
[0m17:50:55.766621 [debug] [MainThread]: running dbt with arguments {'write_json': True, 'use_colors': True, 'printer_width': 80, 'version_check': True, 'partial_parse': True, 'static_parser': True, 'profiles_dir': 'C:\\Users\\user\\.dbt', 'send_anonymous_usage_stats': True, 'quiet': False, 'no_print': False, 'cache_selected_only': False, 'project_name': 'atmosync_dbt', 'skip_profile_setup': False, 'which': 'init', 'indirect_selection': 'eager'}
[0m17:50:55.766621 [debug] [MainThread]: Tracking: tracking
[0m17:50:55.854282 [debug] [MainThread]: Sending event: {'category': 'dbt', 'action': 'invocation', 'label': 'start', 'context': [<snowplow_tracker.self_describing_json.SelfDescribingJson object at 0x000001BAC22AA1D0>, <snowplow_tracker.self_describing_json.SelfDescribingJson object at 0x000001BAC22D1250>, <snowplow_tracker.self_describing_json.SelfDescribingJson object at 0x000001BAC25E3390>]}
[0m17:50:55.859283 [info ] [MainThread]: A project called atmosync_dbt already exists here.
[0m17:50:55.860284 [debug] [MainThread]: Sending event: {'category': 'dbt', 'action': 'invocation', 'label': 'end', 'context': [<snowplow_tracker.self_describing_json.SelfDescribingJson object at 0x000001BAC22AA150>, <snowplow_tracker.self_describing_json.SelfDescribingJson object at 0x000001BAC22AA1D0>, <snowplow_tracker.self_describing_json.SelfDescribingJson object at 0x000001BAC22C1CD0>]}
[0m17:50:55.861285 [debug] [MainThread]: Flushing usage events
